 1.00002E+00	 4  4   5.00000E+00  7.00000E+00  6.00000E+00  5.00000E+00   7.00000E+00  1.00000E+01  8.00000E+00  7.00000E+00   6.00000E+00  8.00000E+00  1.00000E+01  9.00000E+00   5.00000E+00  7.00000E+00  9.00000E+00  1.00000E+01
