 4  4
 6.79984E+01 -4.09990E+01 -1.69996E+01  9.99976E+00 
-4.09990E+01  2.49994E+01  9.99976E+00 -5.99985E+00 
-1.69996E+01  9.99974E+00  4.99990E+00 -2.99994E+00 
 9.99975E+00 -5.99985E+00 -2.99994E+00  1.99996E+00 

