 4  4
 68 -41 -17  10 
-41  25  10 -6 
-17  10  5 -3 
 10 -6 -3  2 

